[debug] [2026-07-15T17:50:41.877Z] ----------------------------------------------------------------------
[debug] [2026-07-15T17:50:41.882Z] Command:       C:\Program Files\nodejs\node.exe C:\Users\SUBHASH GUPTHA\AppData\Roaming\npm\node_modules\firebase-tools\lib\bin\firebase.js deploy --only storage
[debug] [2026-07-15T17:50:41.883Z] CLI Version:   14.26.0
[debug] [2026-07-15T17:50:41.883Z] Platform:      win32
[debug] [2026-07-15T17:50:41.883Z] Node Version:  v22.16.0
[debug] [2026-07-15T17:50:41.884Z] Time:          Wed Jul 15 2026 23:20:41 GMT+0530 (India Standard Time)
[debug] [2026-07-15T17:50:41.884Z] ----------------------------------------------------------------------
[debug] 
[debug] [2026-07-15T17:50:41.889Z] >>> [apiv2][query] GET https://firebase-public.firebaseio.com/cli.json [none]
[debug] [2026-07-15T17:50:42.327Z] > command requires scopes: ["email","openid","https://www.googleapis.com/auth/cloudplatformprojects.readonly","https://www.googleapis.com/auth/firebase","https://www.googleapis.com/auth/cloud-platform"]
[debug] [2026-07-15T17:50:42.328Z] > authorizing via signed-in user (subhashguptha308@gmail.com)
[debug] [2026-07-15T17:50:42.328Z] [iam] checking project relu-480416 for permissions ["firebase.projects.get","firebaserules.releases.create","firebaserules.releases.update","firebaserules.rulesets.create"]
[debug] [2026-07-15T17:50:42.329Z] Checked if tokens are valid: false, expires at: 1784092944521
[debug] [2026-07-15T17:50:42.330Z] Checked if tokens are valid: false, expires at: 1784092944521
[debug] [2026-07-15T17:50:42.330Z] > refreshing access token with scopes: []
[debug] [2026-07-15T17:50:42.334Z] >>> [apiv2][query] POST https://www.googleapis.com/oauth2/v3/token [none]
[debug] [2026-07-15T17:50:42.334Z] >>> [apiv2][body] POST https://www.googleapis.com/oauth2/v3/token [omitted]
[debug] [2026-07-15T17:50:42.546Z] <<< [apiv2][status] POST https://www.googleapis.com/oauth2/v3/token 200
[debug] [2026-07-15T17:50:42.546Z] <<< [apiv2][body] POST https://www.googleapis.com/oauth2/v3/token [omitted]
[debug] [2026-07-15T17:50:42.561Z] >>> [apiv2][query] POST https://cloudresourcemanager.googleapis.com/v1/projects/relu-480416:testIamPermissions [none]
[debug] [2026-07-15T17:50:42.561Z] >>> [apiv2][(partial)header] POST https://cloudresourcemanager.googleapis.com/v1/projects/relu-480416:testIamPermissions x-goog-quota-user=projects/relu-480416
[debug] [2026-07-15T17:50:42.561Z] >>> [apiv2][body] POST https://cloudresourcemanager.googleapis.com/v1/projects/relu-480416:testIamPermissions {"permissions":["firebase.projects.get","firebaserules.releases.create","firebaserules.releases.update","firebaserules.rulesets.create"]}
[debug] [2026-07-15T17:50:43.307Z] <<< [apiv2][status] GET https://firebase-public.firebaseio.com/cli.json 200
[debug] [2026-07-15T17:50:43.308Z] <<< [apiv2][body] GET https://firebase-public.firebaseio.com/cli.json {"cloudBuildErrorAfter":1594252800000,"cloudBuildWarnAfter":1590019200000,"defaultNode10After":1594252800000,"minVersion":"3.0.5","node8DeploysDisabledAfter":1613390400000,"node8RuntimeDisabledAfter":1615809600000,"node8WarnAfter":1600128000000}
[debug] [2026-07-15T17:50:44.786Z] <<< [apiv2][status] POST https://cloudresourcemanager.googleapis.com/v1/projects/relu-480416:testIamPermissions 200
[debug] [2026-07-15T17:50:44.787Z] <<< [apiv2][body] POST https://cloudresourcemanager.googleapis.com/v1/projects/relu-480416:testIamPermissions {"permissions":["firebase.projects.get","firebaserules.releases.create","firebaserules.releases.update","firebaserules.rulesets.create"]}
[info] 
[info] === Deploying to 'relu-480416'...
[info] 
[info] i  deploying storage 
[info] i  storage: ensuring required API firebasestorage.googleapis.com is enabled... 
[debug] [2026-07-15T17:50:44.795Z] Checked if tokens are valid: true, expires at: 1784141441547
[debug] [2026-07-15T17:50:44.795Z] Checked if tokens are valid: true, expires at: 1784141441547
[debug] [2026-07-15T17:50:44.795Z] >>> [apiv2][query] GET https://firebasestorage.googleapis.com/v1alpha/projects/relu-480416/defaultBucket [none]
